INFO: [VRFC 10-2263] Analyzing Verilog file "C:/Users/Asus/alu_mqm/alu_mqm.srcs/sources_1/new/alu_fpu.v" into library xil_defaultlib
INFO: [VRFC 10-311] analyzing module fpu_unit
INFO: [VRFC 10-2263] Analyzing Verilog file "C:/Users/Asus/alu_mqm/alu_mqm.srcs/sources_1/new/datapath.v" into library xil_defaultlib
INFO: [VRFC 10-311] analyzing module datapath
INFO: [VRFC 10-2263] Analyzing Verilog file "C:/Users/Asus/alu_mqm/alu_mqm.srcs/sources_1/new/dff.v" into library xil_defaultlib
INFO: [VRFC 10-311] analyzing module flopenr4
INFO: [VRFC 10-311] analyzing module flopr4
INFO: [VRFC 10-311] analyzing module flopr3
INFO: [VRFC 10-311] analyzing module flopr2
INFO: [VRFC 10-311] analyzing module flopenr
INFO: [VRFC 10-311] analyzing module flopr
INFO: [VRFC 10-311] analyzing module mux4
INFO: [VRFC 10-311] analyzing module mux2
INFO: [VRFC 10-2263] Analyzing Verilog file "C:/Users/Asus/alu_mqm/alu_mqm.srcs/sources_1/new/fp16.v" into library xil_defaultlib
INFO: [VRFC 10-311] analyzing module fp16_new
INFO: [VRFC 10-2263] Analyzing Verilog file "C:/Users/Asus/alu_mqm/alu_mqm.srcs/sources_1/new/fp32.v" into library xil_defaultlib
INFO: [VRFC 10-311] analyzing module fp32_new
INFO: [VRFC 10-2263] Analyzing Verilog file "C:/Users/Asus/alu_mqm/alu_mqm.srcs/sources_1/new/fpu.v" into library xil_defaultlib
INFO: [VRFC 10-311] analyzing module fpu_new
INFO: [VRFC 10-2263] Analyzing Verilog file "C:/Users/Asus/alu_mqm/alu_mqm.srcs/sources_1/new/instance.v" into library xil_defaultlib
INFO: [VRFC 10-311] analyzing module instance_top
INFO: [VRFC 10-2263] Analyzing Verilog file "C:/Users/Asus/alu_mqm/alu_mqm.srcs/sources_1/new/main_fsm.v" into library xil_defaultlib
INFO: [VRFC 10-311] analyzing module mainfsm
INFO: [VRFC 10-2263] Analyzing Verilog file "C:/Users/Asus/alu_mqm/alu_mqm.srcs/sim_1/new/tb.v" into library xil_defaultlib
INFO: [VRFC 10-311] analyzing module tb
